\BOOKMARK [1][-]{section.1}{\376\377\000I\000n\000t\000r\000o\000d\000u\000c\000t\000i\000o\000n}{}% 1
\BOOKMARK [1][-]{section.2}{\376\377\000R\000e\000l\000a\000t\000e\000d\000\040\000W\000o\000r\000k}{}% 2
\BOOKMARK [2][-]{subsection.2.1}{\376\377\227\363\116\120\142\323\142\121\122\006\147\220}{section.2}% 3
\BOOKMARK [2][-]{subsection.2.2}{\376\377\157\134\172\172\225\364\142\323\142\121\117\030\123\026}{section.2}% 4
\BOOKMARK [1][-]{section.3}{\376\377\145\160\143\156\226\306}{}% 5
\BOOKMARK [2][-]{subsection.3.1}{\376\377\145\160\143\156\147\145\156\220}{section.3}% 6
\BOOKMARK [2][-]{subsection.3.2}{\376\377\145\160\143\156\122\007\122\006\116\016\154\273\164\006}{section.3}% 7
\BOOKMARK [2][-]{subsection.3.3}{\376\377\145\160\143\156\230\204\131\004\164\006}{section.3}% 8
\BOOKMARK [1][-]{section.4}{\376\377\142\323\142\121\162\171\137\201\123\321\163\260\116\016\232\214\213\301}{}% 9
\BOOKMARK [2][-]{subsection.4.1}{\376\377\164\006\213\272\127\372\170\100}{section.4}% 10
\BOOKMARK [2][-]{subsection.4.2}{\376\377\122\006\147\220\150\106\147\266\116\016\145\271\154\325}{section.4}% 11
\BOOKMARK [2][-]{subsection.4.3}{\376\377\134\100\220\350\147\011\124\021\142\323\142\121\377\032\176\337\116\000\150\106\147\266\116\016\215\350\211\306\211\322\153\324\217\203}{section.4}% 12
\BOOKMARK [3][-]{subsubsection.4.3.1}{\376\377\211\306\211\322\162\171\133\232\166\204\162\266\140\001\210\150\137\201}{subsection.4.3}% 13
\BOOKMARK [3][-]{subsubsection.4.3.2}{\376\377\215\350\211\306\211\322\232\214\213\301\176\323\147\234}{subsection.4.3}% 14
\BOOKMARK [3][-]{subsubsection.4.3.3}{\376\377\131\032\211\306\211\322\207\215\124\010\116\016\155\210\207\215\122\006\147\220}{subsection.4.3}% 15
\BOOKMARK [2][-]{subsection.4.4}{\376\377\116\055\134\072\136\246\142\323\142\121\162\171\137\201\123\321\163\260}{section.4}% 16
\BOOKMARK [2][-]{subsection.4.5}{\376\377\133\217\211\302\176\323\147\204\142\323\142\121\162\171\137\201\123\321\163\260}{section.4}% 17
\BOOKMARK [2][-]{subsection.4.6}{\376\377\131\032\134\072\136\246\207\215\124\010\116\016\155\210\207\215\122\006\147\220}{section.4}% 18
\BOOKMARK [1][-]{section.5}{\376\377\000A\000C\000E\000-\000S\000t\000e\000p\000\040\157\134\172\172\225\364\142\323\142\121\137\025\133\374}{}% 19
\BOOKMARK [1][-]{appendix.A}{\376\377\133\214\145\164\162\171\137\201\143\007\150\007\145\160\143\156}{}% 20
\BOOKMARK [2][-]{subsection.A.1}{\376\377\227\363\232\330\211\306\211\322}{appendix.A}% 21
\BOOKMARK [2][-]{subsection.A.2}{\376\377\202\202\131\117\211\306\211\322}{appendix.A}% 22
\BOOKMARK [2][-]{subsection.A.3}{\376\377\214\003\122\066\211\306\211\322}{appendix.A}% 23
\BOOKMARK [1][-]{appendix.B}{\376\377\000A\000c\000k\000n\000o\000w\000l\000e\000d\000g\000m\000e\000n\000t\000s}{}% 24
\BOOKMARK [1][-]{appendix.C}{\376\377\170\024\172\166\176\317\123\206}{}% 25
